<?xml version="1.0" encoding="utf-8"?><testsuites name="pytest tests"><testsuite name="pytest" errors="0" failures="0" skipped="0" tests="7" time="1.208" timestamp="2026-04-06T10:58:36.864411+00:00" hostname="runnervm727z3"><testcase classname="tests.test_trello_notifications" name="test_fetch_notifications_success_includes_auth_and_params" time="0.004" /><testcase classname="tests.test_trello_notifications" name="test_fetch_notifications_member_creator_query_key" time="0.001" /><testcase classname="tests.test_trello_notifications" name="test_401_raises_trello_api_error" time="0.001" /><testcase classname="tests.test_trello_notifications" name="test_429_raises_trello_api_error" time="0.001" /><testcase classname="tests.test_trello_notifications" name="test_invalid_json_on_success_raises" time="0.001" /><testcase classname="tests.test_trello_notifications" name="test_non_list_json_raises" time="0.001" /><testcase classname="tests.test_trello_notifications" name="test_client_requires_credentials" time="0.001" /></testsuite></testsuites>